<html>
<body>
<pre>
<h1>µVision Build Log</h1>
<h2>Tool Versions:</h2>
IDE-Version: µVision V5.27.1.0
Copyright (C) 2019 ARM Ltd and ARM Germany GmbH. All rights reserved.
License Information: Irina Mos, BMSTU, LIC=----
 
Tool Versions:
Toolchain:       MDK-Lite  Version: 5.27.1.0
Toolchain Path:  C:\Keil_v5\ARM\ARMCC\Bin
C Compiler:      Armcc.exe V5.06 update 6 (build 750)
Assembler:       Armasm.exe V5.06 update 6 (build 750)
Linker/Locator:  ArmLink.exe V5.06 update 6 (build 750)
Library Manager: ArmAr.exe V5.06 update 6 (build 750)
Hex Converter:   FromElf.exe V5.06 update 6 (build 750)
CPU DLL:         SARMCM3.DLL V5.27.1.0
Dialog DLL:      DCM.DLL V1.17.2.0
Target DLL:      STLink\ST-LINKIII-KEIL_SWO.dll V3.0.6.0
Dialog DLL:      TCM.DLL V1.36.1.0
 
<h2>Project:</h2>
C:\Users\User\Desktop\7 cem\stm\Test\tutorials_STM32\UART_LED\MDK-ARM\test1.uvprojx
Project File Date:  11/18/2020

<h2>Output:</h2>
*** Using Compiler 'V5.06 update 6 (build 750)', folder: 'C:\Keil_v5\ARM\ARMCC\Bin'
Build target 'test1'
compiling stm32f1xx_it.c...
compiling main.c...
../Src/main.c(149): warning:  #188-D: enumerated type mixed with another type
  						HAL_GPIO_WritePin(GPIOC, GPIO_PIN_13, 0);  // LedOn
../Src/main.c(162): warning:  #188-D: enumerated type mixed with another type
  						HAL_GPIO_WritePin(GPIOC, GPIO_PIN_13, 1);  // Led_off
../Src/main.c(169): warning:  #188-D: enumerated type mixed with another type
  				HAL_GPIO_WritePin(GPIOC, GPIO_PIN_13, 1);  // Led_off
../Src/main.c(110): warning:  #177-D: variable "comp3"  was declared but never referenced
  		uint8_t comp3[5] = "LEDOf"; // template LED off
../Src/main.c: 4 warnings, 0 errors
linking...
Program Size: Code=4088 RO-data=292 RW-data=32 ZI-data=1104  
FromELF: creating hex file...
"test1\test1.axf" - 0 Error(s), 4 Warning(s).

<h2>Software Packages used:</h2>

Package Vendor: ARM
                http://www.keil.com/pack/ARM.CMSIS.5.7.0.pack
                ARM.CMSIS.5.7.0
                CMSIS (Cortex Microcontroller Software Interface Standard)
   * Component: CORE Version: 5.4.0

Package Vendor: Keil
                http://www.keil.com/pack/Keil.STM32F1xx_DFP.2.3.0.pack
                Keil.STM32F1xx_DFP.2.3.0
                STMicroelectronics STM32F1 Series Device Support, Drivers and Examples

<h2>Collection of Component include folders:</h2>
  .\RTE\_test1
  C:\Users\User\AppData\Local\Arm\Packs\ARM\CMSIS\5.7.0\CMSIS\Core\Include
  C:\Users\User\AppData\Local\Arm\Packs\Keil\STM32F1xx_DFP\2.3.0\Device\Include

<h2>Collection of Component Files used:</h2>

   * Component: ARM::CMSIS:CORE:5.4.0
Build Time Elapsed:  00:00:01
</pre>
</body>
</html>
